[13:13:36] HCC/enhancer: loading /mnt/10t/scrna_atac/data/processed/integrated/atac_hcc_geneactivity_enhancer.h5ad
[13:13:41]   12029 cells x 19871 genes, nnz 142,497,409, 6 types, counts=False, depth mapped 100.0%, panel 22
[13:13:41]   raw_mean           top  Endothelial_stromal 75.6%  rho=+0.71  markers 14/22 perm p=0.0001  (1s)
[13:13:47]   zscale_mean        top  Endothelial_stromal 75.1%  rho=+0.71  markers 14/22 perm p=0.0000  (5s)
[13:13:47]   pseudobulk_cpm     top           Hepatocyte 26.4%  rho=+0.49  markers 21/22 perm p=0.0000  (0s)
[13:13:51]   depth_matched      top       NK_cytotoxic_T 29.2%  rho=+0.31  markers 21/22 perm p=0.0000  (4s)
[13:13:52]   cpm_mean           top           Hepatocyte 25.2%  rho=+0.31  markers 21/22 perm p=0.0000  (1s)
[13:13:55]   lognorm_mean       top           Hepatocyte 27.7%  rho=+0.49  markers 21/22 perm p=0.0000  (2s)
[13:13:57]   tfidf1_mean        top           Hepatocyte 28.0%  rho=+0.49  markers 21/22 perm p=0.0000  (3s)
[13:13:59]   tfidf2_mean        top           Hepatocyte 25.2%  rho=+0.31  markers 21/22 perm p=0.0000  (1s)
[13:14:01]   tfidf3_mean        top           Hepatocyte 27.7%  rho=+0.49  markers 21/22 perm p=0.0000  (3s)
[13:14:02]   pearson self-check vs scanpy on 2000x1500 sub-matrix: max|diff| = 4.41e-06 (max|resid| 44.7)
[13:14:07]   pearson_mean       top           Hepatocyte 25.2%  rho=+0.49  markers 21/22 perm p=0.0000  (5s)
[13:14:08]   medscale_mean      top           Hepatocyte 25.2%  rho=+0.31  markers 21/22 perm p=0.0000  (1s)
[13:14:17]   rank_mean          top  Endothelial_stromal 47.2%  rho=+0.83  markers 18/22 perm p=0.0000  (9s)
[13:14:27]   rankfrac_mean      top           Hepatocyte 32.6%  rho=+0.71  markers 20/22 perm p=0.0000  (9s)
[13:14:27]   detection_mean     top  Endothelial_stromal 32.9%  rho=+0.77  markers 14/22 perm p=0.0000  (1s)
[13:14:30]   lognorm_maxnorm    top           Hepatocyte 27.7%  rho=+0.49  markers 21/22 perm p=0.0000  (2s)
[13:14:30]   pseudobulk_logcpm  top           Hepatocyte 26.4%  rho=+0.49  markers 21/22 perm p=0.0000  (0s)
[13:14:30] done HCC_enhancer
